\BOOKMARK [1][-]{section.1}{\376\377\000I\000n\000t\000r\000o\000d\000u\000c\000t\000i\000o\000n}{}% 1
\BOOKMARK [1][-]{section.2}{\376\377\000R\000e\000l\000a\000t\000e\000d\000\040\000W\000o\000r\000k}{}% 2
\BOOKMARK [2][-]{subsection.2.1}{\376\377\000S\000i\000n\000g\000l\000e\000-\000c\000h\000a\000n\000n\000e\000l\000\040\000d\000e\000e\000p\000\040\000s\000l\000e\000e\000p\000\040\000s\000t\000a\000g\000i\000n\000g}{section.2}% 3
\BOOKMARK [2][-]{subsection.2.2}{\376\377\000M\000u\000l\000t\000i\000-\000c\000h\000a\000n\000n\000e\000l\000\040\000a\000n\000d\000\040\000f\000o\000u\000n\000d\000a\000t\000i\000o\000n\000\040\000m\000o\000d\000e\000l\000s}{section.2}% 4
\BOOKMARK [2][-]{subsection.2.3}{\376\377\000D\000e\000t\000e\000c\000t\000i\000o\000n\000\040\000o\000f\000\040\000s\000l\000e\000e\000p\000-\000d\000i\000s\000o\000r\000d\000e\000r\000e\000d\000\040\000b\000r\000e\000a\000t\000h\000i\000n\000g}{section.2}% 5
\BOOKMARK [2][-]{subsection.2.4}{\376\377\000S\000l\000e\000e\000p\000\040\000a\000n\000d\000\040\000b\000r\000e\000a\000t\000h\000i\000n\000g\000\040\000a\000f\000t\000e\000r\000\040\000s\000t\000r\000o\000k\000e}{section.2}% 6
\BOOKMARK [1][-]{section.3}{\376\377\000C\000r\000i\000t\000i\000c\000a\000l\000\040\000G\000a\000p\000s\000\040\000a\000n\000d\000\040\000L\000i\000m\000i\000t\000a\000t\000i\000o\000n\000s\000\040\000o\000f\000\040\000P\000r\000i\000o\000r\000\040\000W\000o\000r\000k}{}% 7
\BOOKMARK [1][-]{section.4}{\376\377\000D\000a\000t\000a\000s\000e\000t\000\040\000a\000n\000d\000\040\000P\000r\000e\000p\000r\000o\000c\000e\000s\000s\000i\000n\000g}{}% 8
\BOOKMARK [1][-]{section.5}{\376\377\000P\000r\000o\000p\000o\000s\000e\000d\000\040\000M\000e\000t\000h\000o\000d}{}% 9
\BOOKMARK [2][-]{subsection.5.1}{\376\377\000P\000r\000o\000b\000l\000e\000m\000\040\000f\000o\000r\000m\000u\000l\000a\000t\000i\000o\000n}{section.5}% 10
\BOOKMARK [2][-]{subsection.5.2}{\376\377\000P\000h\000y\000s\000i\000o\000l\000o\000g\000i\000c\000a\000l\000\040\000f\000e\000a\000t\000u\000r\000e\000\040\000r\000e\000p\000r\000e\000s\000e\000n\000t\000a\000t\000i\000o\000n\000s}{section.5}% 11
\BOOKMARK [2][-]{subsection.5.3}{\376\377\000T\000w\000o\000-\000s\000t\000r\000e\000a\000m\000\040\000e\000n\000c\000o\000d\000e\000r\000s}{section.5}% 12
\BOOKMARK [2][-]{subsection.5.4}{\376\377\000F\000u\000s\000i\000o\000n}{section.5}% 13
\BOOKMARK [2][-]{subsection.5.5}{\376\377\000T\000e\000m\000p\000o\000r\000a\000l\000\040\000d\000e\000c\000o\000d\000e\000r\000\040\000a\000n\000d\000\040\000t\000w\000o\000\040\000h\000e\000a\000d\000s}{section.5}% 14
\BOOKMARK [2][-]{subsection.5.6}{\376\377\000T\000r\000a\000i\000n\000i\000n\000g\000\040\000a\000n\000d\000\040\000d\000e\000c\000o\000d\000i\000n\000g}{section.5}% 15
\BOOKMARK [1][-]{section.6}{\376\377\000E\000x\000p\000e\000r\000i\000m\000e\000n\000t\000s}{}% 16
\BOOKMARK [2][-]{subsection.6.1}{\376\377\000P\000r\000o\000t\000o\000c\000o\000l\000\040\000a\000n\000d\000\040\000m\000e\000t\000r\000i\000c\000s}{section.6}% 17
\BOOKMARK [2][-]{subsection.6.2}{\376\377\000I\000m\000p\000l\000e\000m\000e\000n\000t\000a\000t\000i\000o\000n\000\040\000a\000n\000d\000\040\000h\000y\000p\000e\000r\000p\000a\000r\000a\000m\000e\000t\000e\000r\000s}{section.6}% 18
\BOOKMARK [2][-]{subsection.6.3}{\376\377\000C\000o\000m\000p\000a\000r\000e\000d\000\040\000M\000e\000t\000h\000o\000d\000s}{section.6}% 19
\BOOKMARK [2][-]{subsection.6.4}{\376\377\000S\000t\000a\000g\000i\000n\000g\000\040\000B\000e\000n\000c\000h\000m\000a\000r\000k\000\040\000a\000n\000d\000\040\000C\000o\000m\000p\000a\000r\000i\000s\000o\000n}{section.6}% 20
\BOOKMARK [2][-]{subsection.6.5}{\376\377\000P\000e\000r\000-\000c\000l\000a\000s\000s\000\040\000S\000t\000a\000g\000i\000n\000g\000\040\000P\000e\000r\000f\000o\000r\000m\000a\000n\000c\000e}{section.6}% 21
\BOOKMARK [2][-]{subsection.6.6}{\376\377\000M\000o\000d\000a\000l\000i\000t\000y\000-\000A\000b\000l\000a\000t\000i\000o\000n\000\040\000G\000r\000i\000d}{section.6}% 22
\BOOKMARK [2][-]{subsection.6.7}{\376\377\000P\000h\000y\000s\000i\000o\000l\000o\000g\000i\000c\000a\000l\000\040\000V\000a\000l\000i\000d\000i\000t\000y\000\040\000o\000f\000\040\000t\000h\000e\000\040\000R\000e\000s\000p\000i\000r\000a\000t\000o\000r\000y\000\040\000R\000e\000a\000d\000-\000o\000u\000t}{section.6}% 23
\BOOKMARK [2][-]{subsection.6.8}{\376\377\000R\000e\000s\000p\000i\000r\000a\000t\000o\000r\000y\000\040\000B\000a\000s\000e\000l\000i\000n\000e\000s\000\040\000a\000n\000d\000\040\000P\000e\000r\000-\000e\000v\000e\000n\000t\000-\000t\000y\000p\000e\000\040\000D\000e\000t\000e\000c\000t\000i\000o\000n}{section.6}% 24
\BOOKMARK [2][-]{subsection.6.9}{\376\377\000C\000l\000i\000n\000i\000c\000a\000l\000\040\000V\000a\000l\000i\000d\000a\000t\000i\000o\000n\000\040\000a\000g\000a\000i\000n\000s\000t\000\040\000A\000H\000I\000\040\000a\000n\000d\000\040\000S\000e\000v\000e\000r\000i\000t\000y}{section.6}% 25
\BOOKMARK [2][-]{subsection.6.10}{\376\377\000P\000e\000r\000m\000u\000t\000a\000t\000i\000o\000n\000\040\000I\000m\000p\000o\000r\000t\000a\000n\000c\000e\000:\000\040\000a\000\040\000S\000e\000c\000o\000n\000d\000,\000\040\000I\000n\000d\000e\000p\000e\000n\000d\000e\000n\000t\000\040\000A\000t\000t\000r\000i\000b\000u\000t\000i\000o\000n}{section.6}% 26
\BOOKMARK [2][-]{subsection.6.11}{\376\377\000D\000a\000t\000a\000\040\000E\000f\000f\000i\000c\000i\000e\000n\000c\000y\000:\000\040\000W\000h\000i\000c\000h\000\040\000C\000e\000i\000l\000i\000n\000g\000\040\000A\000r\000e\000\040\000W\000e\000\040\000A\000g\000a\000i\000n\000s\000t\000?}{section.6}% 27
\BOOKMARK [2][-]{subsection.6.12}{\376\377\000H\000e\000a\000l\000t\000h\000y\000-\000T\000r\000a\000i\000n\000e\000d\000\040\000M\000o\000d\000e\000l\000s\000\040\000A\000p\000p\000l\000i\000e\000d\000\040\000t\000o\000\040\000t\000h\000e\000\040\000I\000n\000j\000u\000r\000e\000d\000\040\000B\000r\000a\000i\000n}{section.6}% 28
\BOOKMARK [2][-]{subsection.6.13}{\376\377\000W\000h\000a\000t\000\040\000E\000a\000c\000h\000\040\000S\000t\000r\000e\000a\000m\000\040\000S\000h\000o\000u\000l\000d\000\040\000B\000e\000\040\000R\000e\000p\000r\000e\000s\000e\000n\000t\000e\000d\000\040\000A\000s}{section.6}% 29
\BOOKMARK [2][-]{subsection.6.14}{\376\377\000C\000a\000l\000i\000b\000r\000a\000t\000i\000o\000n\000\040\000a\000n\000d\000\040\000W\000h\000e\000n\000\040\000t\000h\000e\000\040\000M\000o\000d\000e\000l\000\040\000D\000e\000c\000l\000i\000n\000e\000s\000\040\000t\000o\000\040\000C\000o\000m\000m\000i\000t}{section.6}% 30
\BOOKMARK [2][-]{subsection.6.15}{\376\377\000E\000x\000t\000e\000r\000n\000a\000l\000\040\000V\000a\000l\000i\000d\000a\000t\000i\000o\000n\000\040\000o\000n\000\040\000T\000w\000o\000\040\000I\000n\000d\000e\000p\000e\000n\000d\000e\000n\000t\000\040\000C\000o\000r\000p\000o\000r\000a}{section.6}% 31
\BOOKMARK [2][-]{subsection.6.16}{\376\377\000M\000o\000d\000e\000l\000\040\000C\000o\000m\000p\000l\000e\000x\000i\000t\000y\000\040\000a\000n\000d\000\040\000C\000a\000p\000a\000b\000i\000l\000i\000t\000y}{section.6}% 32
\BOOKMARK [1][-]{section.7}{\376\377\000D\000i\000s\000c\000u\000s\000s\000i\000o\000n}{}% 33
\BOOKMARK [2][-]{subsection.7.1}{\376\377\000L\000i\000m\000i\000t\000a\000t\000i\000o\000n\000s}{section.7}% 34
\BOOKMARK [2][-]{subsection.7.2}{\376\377\000F\000u\000t\000u\000r\000e\000\040\000W\000o\000r\000k}{section.7}% 35
\BOOKMARK [1][-]{section.8}{\376\377\000C\000o\000n\000c\000l\000u\000s\000i\000o\000n}{}% 36
\BOOKMARK [1][-]{section*.5}{\376\377\000R\000E\000F\000E\000R\000E\000N\000C\000E\000S}{}% 37
\BOOKMARK [2][-]{section*.6}{\376\377\000M\000D\000\040\000W\000A\000H\000I\000D\000U\000Z\000Z\000A\000M\000A\000N\000\040\000S\000U\000V\000A}{section*.5}% 38
\BOOKMARK [2][-]{section*.6}{\376\377\000E\000S\000M\000-\000E\000\040\000M\000O\000U\000L\000A\000\040\000C\000H\000O\000W\000D\000H\000U\000R\000Y\000\040\000A\000B\000H\000A}{section*.5}% 39
\BOOKMARK [2][-]{section*.6}{\376\377\000M\000D\000\040\000I\000M\000T\000I\000A\000J\000\040\000A\000L\000A\000M\000\040\000S\000A\000J\000I\000N}{section*.5}% 40
\BOOKMARK [2][-]{section*.6}{\376\377\000M\000D\000\040\000I\000F\000T\000E\000K\000H\000A\000R\000U\000L\000\040\000M\000O\000B\000I\000N}{section*.5}% 41
